['Snap helm error should fail if failHelmError flag 1']
SnapShot = """
'helm template' command failed: exit status 1: Error: non-absolute URLs should be in form of repo_name/path_to_chart, got: notfound
"""

['Snap helm error should fail if failHelmError flag 2']
SnapShot = """
null
"""

['Snap latest snapshot matched should return success response 1']
SnapShot = """

"""

['Snap v1 snapshot matched should return success response 1']
SnapShot = """

"""

['Snap v2 snapshot matched should return success response 1']
SnapShot = """

"""

['Snap v2 snapshot not matched should return unmatched response 1']
SnapShot = """
@@ KIND=ServiceAccount NAME=chartsnap-app1 LINE=16
      app.kubernetes.io/instance: chartsnap
      app.kubernetes.io/managed-by: Helm
      app.kubernetes.io/name: app1
-     app.kubernetes.io/version: 1.15.0
+     app.kubernetes.io/version: 1.16.0
      helm.sh/chart: app1-0.1.0
    name: chartsnap-app1
  ---

@@ KIND=Secret NAME=app1-cert LINE=31
      app.kubernetes.io/instance: chartsnap
      app.kubernetes.io/managed-by: Helm
      app.kubernetes.io/name: app1
-     app.kubernetes.io/version: 1.15.0
+     app.kubernetes.io/version: 1.16.0
      helm.sh/chart: app1-0.1.0
    name: app1-cert
    namespace: default

@@ KIND=Service NAME=chartsnap-app1 LINE=44
      app.kubernetes.io/instance: chartsnap
      app.kubernetes.io/managed-by: Helm
      app.kubernetes.io/name: app1
-     app.kubernetes.io/version: 1.15.0
+     app.kubernetes.io/version: 1.16.0
      helm.sh/chart: app1-0.1.0
    name: chartsnap-app1
  spec:

@@ KIND=Deployment NAME=chartsnap-app1 LINE=65
      app.kubernetes.io/instance: chartsnap
      app.kubernetes.io/managed-by: Helm
      app.kubernetes.io/name: app1
-     app.kubernetes.io/version: 1.15.0
+     app.kubernetes.io/version: 1.16.0
      helm.sh/chart: app1-0.1.0
    name: chartsnap-app1
  spec:

@@ KIND=Deployment NAME=chartsnap-app1 LINE=79
          app.kubernetes.io/instance: chartsnap
          app.kubernetes.io/managed-by: Helm
          app.kubernetes.io/name: app1
-         app.kubernetes.io/version: 1.15.0
+         app.kubernetes.io/version: 1.16.0
          helm.sh/chart: app1-0.1.0
      spec:
        containers:

@@ KIND=Deployment NAME=chartsnap-app1 LINE=83
          helm.sh/chart: app1-0.1.0
      spec:
        containers:
-         - image: nginx:1.15.0
+         - image: nginx:1.16.0
            imagePullPolicy: IfNotPresent
            livenessProbe:
              httpGet:

@@ KIND=HorizontalPodAutoscaler NAME=chartsnap-app1 LINE=110
      app.kubernetes.io/instance: chartsnap
      app.kubernetes.io/managed-by: Helm
      app.kubernetes.io/name: app1
-     app.kubernetes.io/version: 1.15.0
+     app.kubernetes.io/version: 1.16.0
      helm.sh/chart: app1-0.1.0
    name: chartsnap-app1
  spec:

@@ KIND=Pod NAME=chartsnap-app1-test-connection LINE=137
      app.kubernetes.io/instance: chartsnap
      app.kubernetes.io/managed-by: Helm
      app.kubernetes.io/name: app1
-     app.kubernetes.io/version: 1.15.0
+     app.kubernetes.io/version: 1.16.0
      helm.sh/chart: app1-0.1.0
    name: chartsnap-app1-test-connection
  spec:


"""

['Snap v3 snapshot matched should return success response 1']
SnapShot = """

"""

['Snap v3 snapshot not matched should return unmatched response 1']
SnapShot = """
@@ KIND=Unknown NAME=helm-output LINE=2
+ apiVersion: helm-chartsnap.jlandowner.dev/v1alpha1
+ kind: Unknown
+ metadata:
+   name: helm-output
+ raw: |-
+   this is warning message of helm

@@ KIND=ServiceAccount NAME=chartsnap-app1 LINE=11
      app.kubernetes.io/instance: chartsnap
      app.kubernetes.io/managed-by: Helm
      app.kubernetes.io/name: app1
-     app.kubernetes.io/version: 1.15.0
+     app.kubernetes.io/version: 1.16.0
      helm.sh/chart: app1-0.1.0
    name: chartsnap-app1
  automountServiceAccountToken: true

@@ KIND=Secret NAME=app1-cert LINE=24
      app.kubernetes.io/instance: chartsnap
      app.kubernetes.io/managed-by: Helm
      app.kubernetes.io/name: app1
-     app.kubernetes.io/version: 1.15.0
+     app.kubernetes.io/version: 1.16.0
      helm.sh/chart: app1-0.1.0
    name: app1-cert
    namespace: default

@@ KIND=Service NAME=chartsnap-app1 LINE=42
      app.kubernetes.io/instance: chartsnap
      app.kubernetes.io/managed-by: Helm
      app.kubernetes.io/name: app1
-     app.kubernetes.io/version: 1.15.0
+     app.kubernetes.io/version: 1.16.0
      helm.sh/chart: app1-0.1.0
    name: chartsnap-app1
  spec:

@@ KIND=Deployment NAME=chartsnap-app1 LINE=64
      app.kubernetes.io/instance: chartsnap
      app.kubernetes.io/managed-by: Helm
      app.kubernetes.io/name: app1
-     app.kubernetes.io/version: 1.15.0
+     app.kubernetes.io/version: 1.16.0
      helm.sh/chart: app1-0.1.0
    name: chartsnap-app1
  spec:

@@ KIND=Deployment NAME=chartsnap-app1 LINE=78
          app.kubernetes.io/instance: chartsnap
          app.kubernetes.io/managed-by: Helm
          app.kubernetes.io/name: app1
-         app.kubernetes.io/version: 1.15.0
+         app.kubernetes.io/version: 1.16.0
          helm.sh/chart: app1-0.1.0
      spec:
        containers:

@@ KIND=Deployment NAME=chartsnap-app1 LINE=82
          helm.sh/chart: app1-0.1.0
      spec:
        containers:
-       - image: nginx:1.15.0
+       - image: nginx:1.16.0
          imagePullPolicy: IfNotPresent
+         livenessProbe:
+           httpGet:
+             path: /
+             port: http
          name: app1
          ports:
          - containerPort: 80

@@ KIND=HorizontalPodAutoscaler NAME=chartsnap-app1 LINE=106
      app.kubernetes.io/instance: chartsnap
      app.kubernetes.io/managed-by: Helm
      app.kubernetes.io/name: app1
-     app.kubernetes.io/version: 1.15.0
+     app.kubernetes.io/version: 1.16.0
      helm.sh/chart: app1-0.1.0
    name: chartsnap-app1
  spec:

@@ KIND=Pod NAME=chartsnap-app1-test-connection LINE=134
      app.kubernetes.io/instance: chartsnap
      app.kubernetes.io/managed-by: Helm
      app.kubernetes.io/name: app1
-     app.kubernetes.io/version: 1.15.0
+     app.kubernetes.io/version: 1.16.0
      helm.sh/chart: app1-0.1.0
    name: chartsnap-app1-test-connection
  spec:


"""
